// Jest Snapshot v1, https://goo.gl/fbAQLP

exports[`should render Header component 1`] = `
<header
  className="nav-header"
>
  <div
    className="plus"
    onClick={[Function]}
  >
    <FontAwesomeIcon
      border={false}
      className=""
      fixedWidth={false}
      flip={null}
      icon="plus"
      inverse={false}
      listItem={false}
      mask={null}
      pull={null}
      pulse={false}
      rotation={null}
      size={null}
      spin={false}
      symbol={false}
      transform={null}
    />
    <p
      className="hint"
    >
      upload image
    </p>
  </div>
  <div
    className="settings"
  >
    <FontAwesomeIcon
      border={false}
      className=""
      fixedWidth={false}
      flip={null}
      icon="cog"
      inverse={false}
      listItem={false}
      mask={null}
      pull={null}
      pulse={false}
      rotation={null}
      size={null}
      spin={false}
      symbol={false}
      transform={null}
    />
    <p
      className="hint"
    >
      settings
    </p>
  </div>
  <div
    className="protocol"
    onClick={[Function]}
  >
    <FontAwesomeIcon
      border={false}
      className=""
      fixedWidth={false}
      flip={null}
      icon="unlock"
      inverse={false}
      listItem={false}
      mask={null}
      pull={null}
      pulse={false}
      rotation={null}
      size={null}
      spin={false}
      symbol={false}
      transform={null}
    />
    <p
      className="hint"
    >
      active
       training wheels protocol )}
    </p>
  </div>
  <div
    className="search-group"
  >
    <FontAwesomeIcon
      border={false}
      className="icon"
      fixedWidth={false}
      flip={null}
      icon="search"
      inverse={false}
      listItem={false}
      mask={null}
      pull={null}
      pulse={false}
      rotation={null}
      size={null}
      spin={false}
      symbol={false}
      transform={null}
    />
    <form
      className="submit"
      onSubmit={[Function]}
    >
      <input
        className="input spawnSearch"
        onChange={[Function]}
        placeholder="Search"
        type="text"
        value=""
      />
      <div
        className="type-choice"
      >
        <div
          className="angle-down"
        >
          <FontAwesomeIcon
            border={false}
            className="icon"
            fixedWidth={false}
            flip={null}
            icon="angle-down"
            inverse={false}
            listItem={false}
            mask={null}
            pull={null}
            pulse={false}
            rotation={null}
            size={null}
            spin={false}
            symbol={false}
            transform={null}
          />
        </div>
        <select
          className="select teal"
          onChange={[Function]}
          value="art"
        >
          <option
            value="art"
          >
            art
          </option>
          <option
            value="comments"
          >
            comments
          </option>
          <option
            value="clothes"
          >
            clothes
          </option>
          <option
            value="people"
          >
            people
          </option>
          <option
            value="music"
          >
            music
          </option>
          <option
            value="quora"
          >
            quora
          </option>
          <option
            value="bookmarks"
          >
            bookmarks
          </option>
          <option
            value="recipes"
          >
            recipes
          </option>
          <option
            value="vocabulary"
          >
            vocabulary
          </option>
          <option
            value="notes"
          >
            notes
          </option>
          <option
            value="timeline"
          >
            timeline
          </option>
        </select>
      </div>
      <div
        className="search-options"
      >
        <p
          className="save-search"
        >
          save search
        </p>
        <p
          className="advanced-search"
        >
          advanced search
        </p>
      </div>
    </form>
  </div>
  <Dropdown
    active={false}
    addonType={false}
    className="dropdown-root"
    direction="down"
    inNavbar={false}
    isOpen={false}
    nav={false}
    setActiveFromChild={false}
    toggle={[Function]}
  >
    <DropdownToggle
      aria-haspopup={true}
      className="dropdown-toggle"
      color="secondary"
    >
      <p
        className="nav-username"
      >
        mock-user
      </p>
      <div
        className="image"
        style={
          Object {
            "background": "url(url) 50% 5% / 110% no-repeat",
            "marginRight": 15,
          }
        }
      />
      <FontAwesomeIcon
        border={false}
        className="icon fa-angle-down"
        fixedWidth={false}
        flip={null}
        icon="angle-down"
        inverse={false}
        listItem={false}
        mask={null}
        pull={null}
        pulse={false}
        rotation={null}
        size={null}
        spin={false}
        symbol={false}
        transform={null}
      />
    </DropdownToggle>
    <DropdownMenu
      className="dropdown-menu"
      flip={true}
      right={true}
      style={
        Object {
          "display": "none",
        }
      }
      tag="div"
    >
      <DropdownItem
        className="dropdown-item"
        tag="button"
        toggle={true}
      >
        <Link
          className="profile"
          replace={false}
          to="/profile"
        >
          Profile
        </Link>
      </DropdownItem>
      <DropdownItem
        className="dropdown-item"
        onClick={[Function]}
        tag="button"
        toggle={true}
      >
        <p
          className="logout"
        >
          Logout
        </p>
      </DropdownItem>
    </DropdownMenu>
  </Dropdown>
</header>
`;
